// Jest Snapshot v1, https://goo.gl/fbAQLP

exports[`header snapshot 1`] = `
<div
  class="header-component"
>
  <div
    class="headline-component"
  >
    <div
      class="container container-headline"
    >
      <div
        class="user-components"
      >
        <div
          class="avatar-component"
          src="https://picsum.photos/300/300"
          style="width: 2.7rem; height: 2.7rem; min-width: 2.7rem; min-height: 2.7rem;"
        >
          <img
            alt="user picture"
            class="image"
            src="https://picsum.photos/300/300"
          />
        </div>
         
        <div
          class="content"
        >
          <div
            class="username"
          >
            Бажанов Михаил
          </div>
           
          <div
            class="btns"
          >
            <button
              class="btn"
              type="button"
            >
              Выйти
            </button>
          </div>
        </div>
      </div>
       
      <div
        class="title"
      >
        Панель администрирования
      </div>
       
      <div
        class="btns"
      >
        <button
          class="btn"
          type="button"
        >
          Выйти
        </button>
      </div>
    </div>
  </div>
   
  <div
    class="navigation-component"
  >
    <div
      class="container"
    >
      <ul
        class="list"
      >
        <li
          class="item active"
        >
          <router-link-stub
            class="link"
            tag="a"
            to="/about"
          >
            
					Обо мне
				
          </router-link-stub>
        </li>
        <li
          class="item"
        >
          <router-link-stub
            class="link"
            tag="a"
            to="/values"
          >
            
					Навыки
				
          </router-link-stub>
        </li>
        <li
          class="item"
        >
          <router-link-stub
            class="link"
            tag="a"
            to="/works"
          >
            
					Работы
				
          </router-link-stub>
        </li>
        <li
          class="item"
        >
          <router-link-stub
            class="link"
            tag="a"
            to="/reviews"
          >
            
					Отзывы
				
          </router-link-stub>
        </li>
      </ul>
    </div>
  </div>
</div>
`;
